검산 — 새 손잡이 연결 확인

    TIM 0.050mm k= 2.7  Q=10.8W  R=0.37K/W  →  2D 31.3017 / 1D 31.3017  (8220회)
    TIM 0.200mm k= 9.5  Q=12.0W  R=0.40K/W  →  2D 32.7469 / 1D 32.7469  (7766회)
    TIM 0.225mm k= 2.3  Q=10.0W  R=1.99K/W  →  2D 54.8781 / 1D 54.8781  (11266회)
    TIM 0.150mm k= 2.8  Q= 8.8W  R=0.35K/W  →  2D 33.0514 / 1D 33.0514  (8079회)
    TIM 0.225mm k= 4.3  Q= 6.0W  R=2.80K/W  →  2D 45.0401 / 1D 45.0401  (12405회)
  [OK] 균일 발열 = 1D, 조건 5개 (최대 오차 8.8e-08 ℃)

  [OK] 핫스팟 조건에서 발열 2배 → 상승 2배 (오차 3.6e-13 ℃)
  [OK] 에너지 보존 (오차 1.8e-15 W)

스윕: 전체 800개, 이미 끝난 것 0개, 남은 것 800개

    20/800  경과    24초  남은 시간 약  947초
    40/800  경과    49초  남은 시간 약  927초
    60/800  경과    71초  남은 시간 약  879초
    80/800  경과    92초  남은 시간 약  831초
   100/800  경과   114초  남은 시간 약  798초
   120/800  경과   134초  남은 시간 약  759초
   140/800  경과   153초  남은 시간 약  720초
   160/800  경과   171초  남은 시간 약  685초
   180/800  경과   189초  남은 시간 약  652초
   200/800  경과   208초  남은 시간 약  624초
   220/800  경과   226초  남은 시간 약  596초
   240/800  경과   245초  남은 시간 약  572초
   260/800  경과   264초  남은 시간 약  549초
   280/800  경과   288초  남은 시간 약  535초
   300/800  경과   311초  남은 시간 약  518초
   320/800  경과   338초  남은 시간 약  508초
   340/800  경과   365초  남은 시간 약  494초
   360/800  경과   393초  남은 시간 약  480초
   380/800  경과   417초  남은 시간 약  461초
   400/800  경과   441초  남은 시간 약  441초
   420/800  경과   472초  남은 시간 약  427초
   440/800  경과   500초  남은 시간 약  409초
   460/800  경과   531초  남은 시간 약  392초
   480/800  경과   560초  남은 시간 약  373초
   500/800  경과   589초  남은 시간 약  353초
   520/800  경과   613초  남은 시간 약  330초
   540/800  경과   652초  남은 시간 약  314초
   560/800  경과   694초  남은 시간 약  297초
   580/800  경과   732초  남은 시간 약  277초
   600/800  경과   765초  남은 시간 약  255초
   620/800  경과   798초  남은 시간 약  232초
   640/800  경과   825초  남은 시간 약  206초
   660/800  경과   850초  남은 시간 약  180초
   680/800  경과   874초  남은 시간 약  154초
   700/800  경과   897초  남은 시간 약  128초
   720/800  경과   921초  남은 시간 약  102초
   740/800  경과   947초  남은 시간 약   77초
   760/800  경과   975초  남은 시간 약   51초
   780/800  경과   999초  남은 시간 약   26초
   800/800  경과  1025초  남은 시간 약    0초

전체 검산 (800건)

  [OK] 에너지 보존 (최대 상대오차 3.7e-15)
  [OK] 모든 행에서 다이 평균 = 1D (최대 오차 3.8e-06 ℃)
  [OK] 전부 수렴 (수렴 못 한 행 0개)
  학습 640개 / 검증 160개

저장: C:\Users\dibo1\OneDrive\바탕 화면\thermal-analysis\data\sweep_stage2.csv
