검산 — 보이드를 넣어도 기본이 유지되나

  [OK] 보이드 없음 + 균일 발열 = 1D (조건 5개, 최대 오차 1.4e-14 ℃)
  [OK] 보이드 있는 조건에서 에너지 보존 (오차 3.6e-15 W)
  [OK] 발열 2배 → 상승 2배 (오차 2.9e-12 ℃)
  [OK] 보이드가 있으면 더 뜨겁거나 같다 (42.60℃ vs 33.19℃)

  4/4 통과

전체 800개, 이미 끝난 것 0개, 남은 것 800개

    25/800  경과   139초  남은 시간 약 4296초
    50/800  경과   215초  남은 시간 약 3219초
    75/800  경과   289초  남은 시간 약 2792초
   100/800  경과   409초  남은 시간 약 2865초
   125/800  경과   482초  남은 시간 약 2603초
   150/800  경과   529초  남은 시간 약 2294초
   175/800  경과   578초  남은 시간 약 2066초
   200/800  경과   640초  남은 시간 약 1920초
   225/800  경과   682초  남은 시간 약 1742초
   250/800  경과   730초  남은 시간 약 1607초
   275/800  경과   776초  남은 시간 약 1481초
   300/800  경과   826초  남은 시간 약 1377초
   325/800  경과   907초  남은 시간 약 1325초
   350/800  경과  1042초  남은 시간 약 1339초
   375/800  경과  1182초  남은 시간 약 1340초
   400/800  경과  1233초  남은 시간 약 1233초
   425/800  경과  1276초  남은 시간 약 1126초
   450/800  경과  1323초  남은 시간 약 1029초
   475/800  경과  1372초  남은 시간 약  939초
   500/800  경과  1421초  남은 시간 약  853초
   525/800  경과  1466초  남은 시간 약  768초
   550/800  경과  1519초  남은 시간 약  690초
   575/800  경과  1563초  남은 시간 약  612초
   600/800  경과  1613초  남은 시간 약  538초
   625/800  경과  1664초  남은 시간 약  466초
   650/800  경과  1718초  남은 시간 약  396초
   675/800  경과  1809초  남은 시간 약  335초
   700/800  경과  1959초  남은 시간 약  280초
   725/800  경과  2094초  남은 시간 약  217초
   750/800  경과  2211초  남은 시간 약  147초
   775/800  경과  2366초  남은 시간 약   76초
   800/800  경과  2445초  남은 시간 약    0초

전체 검산 (800건)

  [OK] 에너지 보존 (최대 상대오차 2.8e-15)
  [OK] 전부 수렴 (못 한 행 0개)
  [OK] 2D 최고 온도 >= 1D 예측 (0건 위반)
  보이드 있음 627개 / 없음 173개, 학습 640개 / 검증 160개

저장: C:\Users\dibo1\OneDrive\바탕 화면\thermal-analysis\data\sweep_void.csv
